[debug] [2024-12-18T21:57:29.724Z] ----------------------------------------------------------------------
[debug] [2024-12-18T21:57:29.755Z] Command:       C:\Program Files\nodejs\node.exe C:\Users\HP\AppData\Roaming\npm\node_modules\firebase-tools\lib\bin\firebase.js init
[debug] [2024-12-18T21:57:29.757Z] CLI Version:   13.27.0
[debug] [2024-12-18T21:57:29.758Z] Platform:      win32
[debug] [2024-12-18T21:57:29.759Z] Node Version:  v20.16.0
[debug] [2024-12-18T21:57:29.760Z] Time:          Thu Dec 19 2024 00:57:29 GMT+0300 (East Africa Time)
[debug] [2024-12-18T21:57:29.761Z] ----------------------------------------------------------------------
[debug] 
[debug] [2024-12-18T21:57:29.816Z] >>> [apiv2][query] GET https://firebase-public.firebaseio.com/cli.json [none]
[debug] [2024-12-18T21:57:30.609Z] > command requires scopes: ["email","openid","https://www.googleapis.com/auth/cloudplatformprojects.readonly","https://www.googleapis.com/auth/firebase","https://www.googleapis.com/auth/cloud-platform"]
[debug] [2024-12-18T21:57:30.611Z] > authorizing via signed-in user (nuhamindawit17111994@gmail.com)
[info] 
     ######## #### ########  ######## ########     ###     ######  ########
     ##        ##  ##     ## ##       ##     ##  ##   ##  ##       ##
     ######    ##  ########  ######   ########  #########  ######  ######
     ##        ##  ##    ##  ##       ##     ## ##     ##       ## ##
     ##       #### ##     ## ######## ########  ##     ##  ######  ########

You're about to initialize a Firebase project in this directory:

  C:\Users\HP\Desktop\CityQueueManagment\city-queue-management

Before we get started, keep in mind:

  * You are initializing within an existing Firebase project directory

[debug] [2024-12-18T21:57:41.643Z] *** [apiv2] error from fetch(https://firebase-public.firebaseio.com/cli.json, {"headers":{},"method":"GET"}): FetchError: request to https://firebase-public.firebaseio.com/cli.json failed, reason: getaddrinfo ENOTFOUND firebase-public.firebaseio.com
[warn] !  Unable to fetch the CLI MOTD and remote config. This is not a fatal error, but may indicate an issue with your network connection. 
[debug] [2024-12-18T21:57:41.648Z] Failed to fetch MOTD FirebaseError: Failed to make request to https://firebase-public.firebaseio.com/cli.json
